Archive member included because of file (symbol)

c:/coocox/arm-2011.03-coocox/bin/../lib/gcc/arm-none-eabi/4.5.2/../../../../arm-none-eabi/lib/thumb2\libc.a(lib_a-efgcvt.o)
                              ..\obj\lcd_ste2007.o (gcvt)
c:/coocox/arm-2011.03-coocox/bin/../lib/gcc/arm-none-eabi/4.5.2/../../../../arm-none-eabi/lib/thumb2\libc.a(lib_a-impure.o)
                              c:/coocox/arm-2011.03-coocox/bin/../lib/gcc/arm-none-eabi/4.5.2/../../../../arm-none-eabi/lib/thumb2\libc.a(lib_a-efgcvt.o) (_impure_ptr)
c:/coocox/arm-2011.03-coocox/bin/../lib/gcc/arm-none-eabi/4.5.2/../../../../arm-none-eabi/lib/thumb2\libc.a(lib_a-ecvtbuf.o)
                              c:/coocox/arm-2011.03-coocox/bin/../lib/gcc/arm-none-eabi/4.5.2/../../../../arm-none-eabi/lib/thumb2\libc.a(lib_a-efgcvt.o) (fcvtbuf)
c:/coocox/arm-2011.03-coocox/bin/../lib/gcc/arm-none-eabi/4.5.2/../../../../arm-none-eabi/lib/thumb2\libc.a(lib_a-mprec.o)
                              c:/coocox/arm-2011.03-coocox/bin/../lib/gcc/arm-none-eabi/4.5.2/../../../../arm-none-eabi/lib/thumb2\libc.a(lib_a-ecvtbuf.o) (_mprec_log10)
c:/coocox/arm-2011.03-coocox/bin/../lib/gcc/arm-none-eabi/4.5.2/../../../../arm-none-eabi/lib/thumb2\libc.a(lib_a-reallocr.o)
                              c:/coocox/arm-2011.03-coocox/bin/../lib/gcc/arm-none-eabi/4.5.2/../../../../arm-none-eabi/lib/thumb2\libc.a(lib_a-ecvtbuf.o) (_realloc_r)
c:/coocox/arm-2011.03-coocox/bin/../lib/gcc/arm-none-eabi/4.5.2/../../../../arm-none-eabi/lib/thumb2\libc.a(lib_a-strcpy.o)
                              c:/coocox/arm-2011.03-coocox/bin/../lib/gcc/arm-none-eabi/4.5.2/../../../../arm-none-eabi/lib/thumb2\libc.a(lib_a-ecvtbuf.o) (strcpy)
c:/coocox/arm-2011.03-coocox/bin/../lib/gcc/arm-none-eabi/4.5.2/../../../../arm-none-eabi/lib/thumb2\libc.a(lib_a-callocr.o)
                              c:/coocox/arm-2011.03-coocox/bin/../lib/gcc/arm-none-eabi/4.5.2/../../../../arm-none-eabi/lib/thumb2\libc.a(lib_a-mprec.o) (_calloc_r)
c:/coocox/arm-2011.03-coocox/bin/../lib/gcc/arm-none-eabi/4.5.2/../../../../arm-none-eabi/lib/thumb2\libc.a(lib_a-dtoa.o)
                              c:/coocox/arm-2011.03-coocox/bin/../lib/gcc/arm-none-eabi/4.5.2/../../../../arm-none-eabi/lib/thumb2\libc.a(lib_a-ecvtbuf.o) (_dtoa_r)
c:/coocox/arm-2011.03-coocox/bin/../lib/gcc/arm-none-eabi/4.5.2/../../../../arm-none-eabi/lib/thumb2\libc.a(lib_a-freer.o)
                              c:/coocox/arm-2011.03-coocox/bin/../lib/gcc/arm-none-eabi/4.5.2/../../../../arm-none-eabi/lib/thumb2\libc.a(lib_a-reallocr.o) (_free_r)
c:/coocox/arm-2011.03-coocox/bin/../lib/gcc/arm-none-eabi/4.5.2/../../../../arm-none-eabi/lib/thumb2\libc.a(lib_a-malloc.o)
                              c:/coocox/arm-2011.03-coocox/bin/../lib/gcc/arm-none-eabi/4.5.2/../../../../arm-none-eabi/lib/thumb2\libc.a(lib_a-mprec.o) (malloc)
c:/coocox/arm-2011.03-coocox/bin/../lib/gcc/arm-none-eabi/4.5.2/../../../../arm-none-eabi/lib/thumb2\libc.a(lib_a-mallocr.o)
                              c:/coocox/arm-2011.03-coocox/bin/../lib/gcc/arm-none-eabi/4.5.2/../../../../arm-none-eabi/lib/thumb2\libc.a(lib_a-reallocr.o) (_malloc_r)
c:/coocox/arm-2011.03-coocox/bin/../lib/gcc/arm-none-eabi/4.5.2/../../../../arm-none-eabi/lib/thumb2\libc.a(lib_a-memcpy.o)
                              c:/coocox/arm-2011.03-coocox/bin/../lib/gcc/arm-none-eabi/4.5.2/../../../../arm-none-eabi/lib/thumb2\libc.a(lib_a-mprec.o) (memcpy)
c:/coocox/arm-2011.03-coocox/bin/../lib/gcc/arm-none-eabi/4.5.2/../../../../arm-none-eabi/lib/thumb2\libc.a(lib_a-memmove.o)
                              c:/coocox/arm-2011.03-coocox/bin/../lib/gcc/arm-none-eabi/4.5.2/../../../../arm-none-eabi/lib/thumb2\libc.a(lib_a-reallocr.o) (memmove)
c:/coocox/arm-2011.03-coocox/bin/../lib/gcc/arm-none-eabi/4.5.2/../../../../arm-none-eabi/lib/thumb2\libc.a(lib_a-memset.o)
                              c:/coocox/arm-2011.03-coocox/bin/../lib/gcc/arm-none-eabi/4.5.2/../../../../arm-none-eabi/lib/thumb2\libc.a(lib_a-callocr.o) (memset)
c:/coocox/arm-2011.03-coocox/bin/../lib/gcc/arm-none-eabi/4.5.2/../../../../arm-none-eabi/lib/thumb2\libc.a(lib_a-mlock.o)
                              c:/coocox/arm-2011.03-coocox/bin/../lib/gcc/arm-none-eabi/4.5.2/../../../../arm-none-eabi/lib/thumb2\libc.a(lib_a-reallocr.o) (__malloc_lock)
c:/coocox/arm-2011.03-coocox/bin/../lib/gcc/arm-none-eabi/4.5.2/../../../../arm-none-eabi/lib/thumb2\libc.a(lib_a-sbrkr.o)
                              c:/coocox/arm-2011.03-coocox/bin/../lib/gcc/arm-none-eabi/4.5.2/../../../../arm-none-eabi/lib/thumb2\libc.a(lib_a-freer.o) (_sbrk_r)
c:/coocox/arm-2011.03-coocox/bin/../lib/gcc/arm-none-eabi/4.5.2/../../../../arm-none-eabi/lib/thumb2\libc.a(lib_a-reent.o)
                              c:/coocox/arm-2011.03-coocox/bin/../lib/gcc/arm-none-eabi/4.5.2/../../../../arm-none-eabi/lib/thumb2\libc.a(lib_a-sbrkr.o) (errno)
c:/coocox/arm-2011.03-coocox/bin/../lib/gcc/arm-none-eabi/4.5.2/thumb2\libgcc.a(_udivsi3.o)
[...]
Memory Configuration

Name             Origin             Length             Attributes
rom              0x08000000         0x00020000         xr
ram              0x20000000         0x00005000         xrw
*default*        0x00000000         0xffffffff

Linker script and memory map

                0x20005000                _eram = 0x20005000

.text           0x08000000     0x5150
 *(.isr_vector .isr_vector.*)
 .isr_vector    0x08000000      0x10c ..\obj\startup_stm32f10x_md.o
                0x08000000                g_pfnVectors
 *(.text .text.* .gnu.linkonce.t.*)
 .text.Standard_GetConfiguration
                0x0800010c       0x44 ..\obj\usb_core.o
                0x0800010c                Standard_GetConfiguration
 .text.Standard_SetConfiguration
                0x08000150       0x54 ..\obj\usb_core.o
                0x08000150                Standard_SetConfiguration
 .text.Standard_GetInterface
                0x080001a4       0x44 ..\obj\usb_core.o
                0x080001a4                Standard_GetInterface
 .text.Standard_SetInterface
                0x080001e8       0x94 ..\obj\usb_core.o
                0x080001e8                Standard_SetInterface
 .text.Standard_GetStatus
                0x0800027c      0x144 ..\obj\usb_core.o
                0x0800027c                Standard_GetStatus
 .text.Standard_ClearFeature
                0x080003c0      0x1fc ..\obj\usb_core.o
                0x080003c0                Standard_ClearFeature
 .text.Standard_SetEndPointFeature
                0x080005bc      0x12c ..\obj\usb_core.o
                0x080005bc                Standard_SetEndPointFeature
 .text.Standard_SetDeviceFeature
                0x080006e8       0x30 ..\obj\usb_core.o
                0x080006e8                Standard_SetDeviceFeature
 .text.Standard_GetDescriptorData
                0x08000718       0x4c ..\obj\usb_core.o
                0x08000718                Standard_GetDescriptorData
 .text.DataStageOut
                0x08000764      0x11c ..\obj\usb_core.o
 .text.DataStageIn
                0x08000880      0x128 ..\obj\usb_core.o
 .text.NoData_Setup0
                0x080009a8      0x1b0 ..\obj\usb_core.o
 .text.Data_Setup0
                0x08000b58      0x360 ..\obj\usb_core.o
 .text.Setup0_Process
                0x08000eb8       0xf0 ..\obj\usb_core.o
                0x08000eb8                Setup0_Process
 .text.In0_Process
                0x08000fa8       0x98 ..\obj\usb_core.o
                0x08000fa8                In0_Process
 .text.Out0_Process
                0x08001040       0x7c ..\obj\usb_core.o
                0x08001040                Out0_Process
 .text.Post0_Process
                0x080010bc       0x54 ..\obj\usb_core.o
                0x080010bc                Post0_Process
 .text.SetDeviceAddress
                0x08001110       0x84 ..\obj\usb_core.o
                0x08001110                SetDeviceAddress
 .text.NOP_Process
                0x08001194        0xc ..\obj\usb_core.o
                0x08001194                NOP_Process
 .text.init_delay_us_timer
                0x080011a0       0x44 ..\obj\delay.o
                0x080011a0                init_delay_us_timer
 .text._delay_us
                0x080011e4       0x60 ..\obj\delay.o
                0x080011e4                _delay_us
 .text._delay_ms
                0x08001244       0x28 ..\obj\delay.o
                0x08001244                _delay_ms
 .text.SysTick_Handler
                0x0800126c       0x24 ..\obj\delay.o
                0x0800126c                SysTick_Handler
 .text.TIM_TimeBaseInit
                0x08001290      0x100 ..\obj\stm32f10x_tim.o
                0x08001290                TIM_TimeBaseInit
 .text.TIM_ITConfig
                0x08001390       0x4c ..\obj\stm32f10x_tim.o
                0x08001390                TIM_ITConfig
 .text.CTR_LP   0x080013dc      0x338 ..\obj\usb_int.o
                0x080013dc                CTR_LP
 .text.SystemInit
                0x08001714       0x68 ..\obj\system_stm32f10x.o
                0x08001714                SystemInit
 .text.SetSysClock
                0x0800177c        0xc ..\obj\system_stm32f10x.o
 .text.SetSysClockTo72
                0x08001788      0x108 ..\obj\system_stm32f10x.o
 .text.SetBTABLE
                0x08001890       0x28 ..\obj\usb_regs.o
                0x08001890                SetBTABLE
 .text.SetEPType
                0x080018b8       0x50 ..\obj\usb_regs.o
                0x080018b8                SetEPType
 .text.SetEPTxStatus
                0x08001908       0x74 ..\obj\usb_regs.o
                0x08001908                SetEPTxStatus
 .text.SetEPRxStatus
                0x0800197c       0x74 ..\obj\usb_regs.o
                0x0800197c                SetEPRxStatus
 .text.SetEPTxValid
                0x080019f0       0x58 ..\obj\usb_regs.o
                0x080019f0                SetEPTxValid
 .text.SetEPRxValid
                0x08001a48       0x58 ..\obj\usb_regs.o
                0x08001a48                SetEPRxValid
 .text.Clear_Status_Out
                0x08001aa0       0x58 ..\obj\usb_regs.o
                0x08001aa0                Clear_Status_Out
 .text.ClearDTOG_RX
                0x08001af8       0x64 ..\obj\usb_regs.o
                0x08001af8                ClearDTOG_RX
 .text.ClearDTOG_TX
                0x08001b5c       0x64 ..\obj\usb_regs.o
                0x08001b5c                ClearDTOG_TX
 .text.SetEPTxAddr
                0x08001bc0       0x48 ..\obj\usb_regs.o
                0x08001bc0                SetEPTxAddr
 .text.SetEPRxAddr
                0x08001c08       0x48 ..\obj\usb_regs.o
                0x08001c08                SetEPRxAddr
 .text.GetEPTxAddr
                0x08001c50       0x3c ..\obj\usb_regs.o
                0x08001c50                GetEPTxAddr
 .text.GetEPRxAddr
                0x08001c8c       0x3c ..\obj\usb_regs.o
                0x08001c8c                GetEPRxAddr
 .text.SetEPTxCount
                0x08001cc8       0x3c ..\obj\usb_regs.o
                0x08001cc8                SetEPTxCount
 .text.SetEPRxCount
                0x08001d04       0x94 ..\obj\usb_regs.o
                0x08001d04                SetEPRxCount
 .text.GetEPRxCount
                0x08001d98       0x44 ..\obj\usb_regs.o
                0x08001d98                GetEPRxCount
 .text.ByteSwap
                0x08001ddc       0x38 ..\obj\usb_regs.o
                0x08001ddc                ByteSwap
 .text.Default_Reset_Handler
                0x08001e14       0x68 ..\obj\startup_stm32f10x_md.o
                0x08001e14                Default_Reset_Handler
                0x08001e14                Reset_Handler
 .text.Default_Handler
                0x08001e7c        0x8 ..\obj\startup_stm32f10x_md.o
                0x08001e7c                EXTI2_IRQHandler
                0x08001e7c                TIM1_CC_IRQHandler
                0x08001e7c                PVD_IRQHandler
                0x08001e7c                EXTI3_IRQHandler
                0x08001e7c                EXTI0_IRQHandler
                0x08001e7c                I2C2_EV_IRQHandler
                0x08001e7c                SPI1_IRQHandler
                0x08001e7c                TAMPER_IRQHandler
                0x08001e7c                DMA1_Channel4_IRQHandler
                0x08001e7c                USART3_IRQHandler
                0x08001e7c                RTC_IRQHandler
                0x08001e7c                DMA1_Channel7_IRQHandler
                0x08001e7c                CAN1_RX1_IRQHandler
                0x08001e7c                I2C1_EV_IRQHandler
                0x08001e7c                DMA1_Channel6_IRQHandler
                0x08001e7c                RCC_IRQHandler
                0x08001e7c                TIM1_TRG_COM_IRQHandler
                0x08001e7c                DMA1_Channel1_IRQHandler
                0x08001e7c                EXTI9_5_IRQHandler
                0x08001e7c                DMA1_Channel5_IRQHandler
                0x08001e7c                EXTI4_IRQHandler
                0x08001e7c                USB_HP_CAN1_TX_IRQHandler
                0x08001e7c                DMA1_Channel3_IRQHandler
                0x08001e7c                TIM1_UP_IRQHandler
                0x08001e7c                WWDG_IRQHandler
                0x08001e7c                TIM2_IRQHandler
                0x08001e7c                TIM1_BRK_IRQHandler
                0x08001e7c                EXTI1_IRQHandler
                0x08001e7c                RTCAlarm_IRQHandler
                0x08001e7c                USART2_IRQHandler
                0x08001e7c                I2C2_ER_IRQHandler
                0x08001e7c                DMA1_Channel2_IRQHandler
                0x08001e7c                CAN1_SCE_IRQHandler
                0x08001e7c                FLASH_IRQHandler
                0x08001e7c                I2C1_ER_IRQHandler
 .text.Set_System
                0x08001e84       0x38 ..\obj\hw_config.o
                0x08001e84                Set_System
 .text.Set_USBClock
                0x08001ebc       0x1c ..\obj\hw_config.o
                0x08001ebc                Set_USBClock
 .text.Leave_LowPowerMode
                0x08001ed8       0x38 ..\obj\hw_config.o
                0x08001ed8                Leave_LowPowerMode
 .text.USB_Interrupts_Config
                0x08001f10       0x50 ..\obj\hw_config.o
                0x08001f10                USB_Interrupts_Config
 .text.USB_Cable_Config
                0x08001f60       0x7c ..\obj\hw_config.o
                0x08001f60                USB_Cable_Config
 .text.Handle_USBAsynchXfer
                0x08001fdc       0xfc ..\obj\hw_config.o
                0x08001fdc                Handle_USBAsynchXfer
 .text.Add_Byte_To_OUT_Buff
                0x080020d8       0x44 ..\obj\hw_config.o
                0x080020d8                Add_Byte_To_OUT_Buff
 .text.Get_SerialNum
                0x0800211c       0x5c ..\obj\hw_config.o
                0x0800211c                Get_SerialNum
 .text.IntToUnicode
                0x08002178       0x94 ..\obj\hw_config.o
 .text.GPIO_Init
                0x0800220c      0x1c0 ..\obj\stm32f10x_gpio.o
                0x0800220c                GPIO_Init
 .text.GPIO_SetBits
                0x080023cc       0x1c ..\obj\stm32f10x_gpio.o
                0x080023cc                GPIO_SetBits
 .text.GPIO_ResetBits
                0x080023e8       0x1c ..\obj\stm32f10x_gpio.o
                0x080023e8                GPIO_ResetBits
 .text.GPIO_EXTILineConfig
                0x08002404       0x9c ..\obj\stm32f10x_gpio.o
                0x08002404                GPIO_EXTILineConfig
 .text.Virtual_Com_Port_init
                0x080024a0       0x2c ..\obj\usb_prop.o
                0x080024a0                Virtual_Com_Port_init
 .text.Virtual_Com_Port_Reset
                0x080024cc      0x138 ..\obj\usb_prop.o
                0x080024cc                Virtual_Com_Port_Reset
 .text.Virtual_Com_Port_SetConfiguration
                0x08002604       0x2c ..\obj\usb_prop.o
                0x08002604                Virtual_Com_Port_SetConfiguration
 .text.Virtual_Com_Port_SetDeviceAddress
                0x08002630       0x18 ..\obj\usb_prop.o
                0x08002630                Virtual_Com_Port_SetDeviceAddress
 .text.Virtual_Com_Port_Status_In
                0x08002648       0x20 ..\obj\usb_prop.o
                0x08002648                Virtual_Com_Port_Status_In
 .text.Virtual_Com_Port_Status_Out
                0x08002668        0xc ..\obj\usb_prop.o
                0x08002668                Virtual_Com_Port_Status_Out
 .text.Virtual_Com_Port_Data_Setup
                0x08002674       0x90 ..\obj\usb_prop.o
                0x08002674                Virtual_Com_Port_Data_Setup
 .text.Virtual_Com_Port_NoData_Setup
                0x08002704       0x44 ..\obj\usb_prop.o
                0x08002704                Virtual_Com_Port_NoData_Setup
 .text.Virtual_Com_Port_GetDeviceDescriptor
                0x08002748       0x24 ..\obj\usb_prop.o
                0x08002748                Virtual_Com_Port_GetDeviceDescriptor
 .text.Virtual_Com_Port_GetConfigDescriptor
                0x0800276c       0x24 ..\obj\usb_prop.o
                0x0800276c                Virtual_Com_Port_GetConfigDescriptor
 .text.Virtual_Com_Port_GetStringDescriptor
                0x08002790       0x48 ..\obj\usb_prop.o
                0x08002790                Virtual_Com_Port_GetStringDescriptor
 .text.Virtual_Com_Port_Get_Interface_Setting
                0x080027d8       0x38 ..\obj\usb_prop.o
                0x080027d8                Virtual_Com_Port_Get_Interface_Setting
 .text.Virtual_Com_Port_GetLineCoding
                0x08002810       0x38 ..\obj\usb_prop.o
                0x08002810                Virtual_Com_Port_GetLineCoding
 .text.Virtual_Com_Port_SetLineCoding
                0x08002848       0x38 ..\obj\usb_prop.o
                0x08002848                Virtual_Com_Port_SetLineCoding
 .text.__WFI    0x08002880        0xc ..\obj\usb_pwr.o
 .text.PowerOn  0x0800288c       0x5c ..\obj\usb_pwr.o
                0x0800288c                PowerOn
 .text.Suspend  0x080028e8      0x174 ..\obj\usb_pwr.o
                0x080028e8                Suspend
 .text.Resume_Init
                0x08002a5c       0x34 ..\obj\usb_pwr.o
                0x08002a5c                Resume_Init
 .text.Resume   0x08002a90      0x138 ..\obj\usb_pwr.o
                0x08002a90                Resume
 .text.USB_Init
                0x08002bc8       0x44 ..\obj\usb_init.o
                0x08002bc8                USB_Init
 .text.NVIC_EnableIRQ
                0x08002c0c       0x34 ..\obj\main.o
 .text.NVIC_SetPriority
                0x08002c40       0x58 ..\obj\main.o
 .text.SysTick_Config
                0x08002c98       0x54 ..\obj\main.o
 .text.main     0x08002cec      0x6a4 ..\obj\main.o
                0x08002cec                main
 .text.perif_init
                0x08003390      0x134 ..\obj\test_f100_plate.o
                0x08003390                perif_init
 .text.lcd_bl_on
                0x080034c4       0x24 ..\obj\test_f100_plate.o
                0x080034c4                lcd_bl_on
 .text.led_on   0x080034e8       0x18 ..\obj\test_f100_plate.o
                0x080034e8                led_on
 .text.led_toggle
                0x08003500       0x1c ..\obj\test_f100_plate.o
                0x08003500                led_toggle
 .text.RCC_USBCLKConfig
                0x0800351c       0x1c ..\obj\stm32f10x_rcc.o
                0x0800351c                RCC_USBCLKConfig
 .text.RCC_ADCCLKConfig
                0x08003538       0x3c ..\obj\stm32f10x_rcc.o
                0x08003538                RCC_ADCCLKConfig
 .text.RCC_GetClocksFreq
                0x08003574      0x17c ..\obj\stm32f10x_rcc.o
                0x08003574                RCC_GetClocksFreq
 .text.RCC_APB2PeriphClockCmd
                0x080036f0       0x44 ..\obj\stm32f10x_rcc.o
                0x080036f0                RCC_APB2PeriphClockCmd
 .text.RCC_APB1PeriphClockCmd
                0x08003734       0x44 ..\obj\stm32f10x_rcc.o
                0x08003734                RCC_APB1PeriphClockCmd
 .text.EXTI_Init
                0x08003778       0xfc ..\obj\stm32f10x_exti.o
                0x08003778                EXTI_Init
 .text.EXTI_GetITStatus
                0x08003874       0x54 ..\obj\stm32f10x_exti.o
                0x08003874                EXTI_GetITStatus
 .text.EXTI_ClearITPendingBit
                0x080038c8       0x1c ..\obj\stm32f10x_exti.o
                0x080038c8                EXTI_ClearITPendingBit
 .text.ADC_Init
                0x080038e4       0xbc ..\obj\stm32f10x_adc.o
                0x080038e4                ADC_Init
 .text.ADC_Cmd  0x080039a0       0x38 ..\obj\stm32f10x_adc.o
                0x080039a0                ADC_Cmd
 .text.ADC_ITConfig
                0x080039d8       0x48 ..\obj\stm32f10x_adc.o
                0x080039d8                ADC_ITConfig
 .text.ADC_ResetCalibration
                0x08003a20       0x20 ..\obj\stm32f10x_adc.o
                0x08003a20                ADC_ResetCalibration
 .text.ADC_GetResetCalibrationStatus
                0x08003a40       0x38 ..\obj\stm32f10x_adc.o
                0x08003a40                ADC_GetResetCalibrationStatus
 .text.ADC_StartCalibration
                0x08003a78       0x20 ..\obj\stm32f10x_adc.o
                0x08003a78                ADC_StartCalibration
 .text.ADC_GetCalibrationStatus
                0x08003a98       0x38 ..\obj\stm32f10x_adc.o
                0x08003a98                ADC_GetCalibrationStatus
 .text.ADC_SoftwareStartConvCmd
                0x08003ad0       0x38 ..\obj\stm32f10x_adc.o
                0x08003ad0                ADC_SoftwareStartConvCmd
 .text.ADC_RegularChannelConfig
                0x08003b08      0x1d0 ..\obj\stm32f10x_adc.o
                0x08003b08                ADC_RegularChannelConfig
 .text.USART_Init
                0x08003cd8      0x1b0 ..\obj\stm32f10x_usart.o
                0x08003cd8                USART_Init
 .text.USART_ClockInit
                0x08003e88       0x60 ..\obj\stm32f10x_usart.o
                0x08003e88                USART_ClockInit
 .text.USART_Cmd
                0x08003ee8       0x40 ..\obj\stm32f10x_usart.o
                0x08003ee8                USART_Cmd
 .text.USB_SIL_Init
                0x08003f28       0x34 ..\obj\usb_sil.o
                0x08003f28                USB_SIL_Init
 .text.USB_SIL_Read
                0x08003f5c       0x50 ..\obj\usb_sil.o
                0x08003f5c                USB_SIL_Read
 .text.NMI_Handler
                0x08003fac        0xc ..\obj\stm32_it.o
                0x08003fac                NMI_Handler
 .text.HardFault_Handler
                0x08003fb8        0x8 ..\obj\stm32_it.o
                0x08003fb8                HardFault_Handler
 .text.MemManage_Handler
                0x08003fc0        0x8 ..\obj\stm32_it.o
                0x08003fc0                MemManage_Handler
 .text.BusFault_Handler
                0x08003fc8        0x8 ..\obj\stm32_it.o
                0x08003fc8                BusFault_Handler
 .text.UsageFault_Handler
                0x08003fd0        0x8 ..\obj\stm32_it.o
                0x08003fd0                UsageFault_Handler
 .text.SVC_Handler
                0x08003fd8        0xc ..\obj\stm32_it.o
                0x08003fd8                SVC_Handler
 .text.DebugMon_Handler
                0x08003fe4        0xc ..\obj\stm32_it.o
                0x08003fe4                DebugMon_Handler
 .text.PendSV_Handler
                0x08003ff0        0xc ..\obj\stm32_it.o
                0x08003ff0                PendSV_Handler
 .text.USB_LP_CAN1_RX0_IRQHandler
                0x08003ffc        0xc ..\obj\stm32_it.o
                0x08003ffc                USB_LP_CAN1_RX0_IRQHandler
 .text.USART1_IRQHandler
                0x08004008        0xc ..\obj\stm32_it.o
                0x08004008                USART1_IRQHandler
 .text.USBWakeUp_IRQHandler
                0x08004014       0x10 ..\obj\stm32_it.o
                0x08004014                USBWakeUp_IRQHandler
 .text.TIM3_IRQHandler
                0x08004024       0x20 ..\obj\stm32_it.o
                0x08004024                TIM3_IRQHandler
 .text.TIM4_IRQHandler
                0x08004044       0x70 ..\obj\stm32_it.o
                0x08004044                TIM4_IRQHandler
 .text.ADC1_2_IRQHandler
                0x080040b4       0x78 ..\obj\stm32_it.o
                0x080040b4                ADC1_2_IRQHandler
 .text.SPI2_IRQHandler
                0x0800412c       0xfc ..\obj\stm32_it.o
                0x0800412c                SPI2_IRQHandler
 .text.EXTI15_10_IRQHandler
                0x08004228       0x38 ..\obj\stm32_it.o
                0x08004228                EXTI15_10_IRQHandler
 .text.EP3_OUT_Callback
                0x08004260       0x34 ..\obj\usb_endp.o
                0x08004260                EP3_OUT_Callback
 .text.EP1_IN_Callback
                0x08004294       0xb0 ..\obj\usb_endp.o
                0x08004294                EP1_IN_Callback
 .text.SOF_Callback
                0x08004344       0x3c ..\obj\usb_endp.o
                0x08004344                SOF_Callback
 .text.NVIC_PriorityGroupConfig
                0x08004380       0x24 ..\obj\misc.o
                0x08004380                NVIC_PriorityGroupConfig
 .text.NVIC_Init
                0x080043a4       0xd8 ..\obj\misc.o
                0x080043a4                NVIC_Init
 .text.SPI_Init
                0x0800447c       0x98 ..\obj\stm32f10x_spi.o
                0x0800447c                SPI_Init
 .text.SPI_Cmd  0x08004514       0x40 ..\obj\stm32f10x_spi.o
                0x08004514                SPI_Cmd
 .text.SPI_I2S_ITConfig
                0x08004554       0x70 ..\obj\stm32f10x_spi.o
                0x08004554                SPI_I2S_ITConfig
 .text.UserToPMABufferCopy
                0x080045c4       0x8c ..\obj\usb_mem.o
                0x080045c4                UserToPMABufferCopy
 .text.PMAToUserBufferCopy
                0x08004650       0x6c ..\obj\usb_mem.o
                0x08004650                PMAToUserBufferCopy
 .text.lcd_low_config
                0x080046bc       0xdc ..\obj\lcd_ste2007.o
                0x080046bc                lcd_low_config
 .text.lcd_write
                0x08004798       0xb4 ..\obj\lcd_ste2007.o
                0x08004798                lcd_write
 .text.lcd_init
                0x0800484c       0x58 ..\obj\lcd_ste2007.o
                0x0800484c                lcd_init
 .text.lcd_contrast
                0x080048a4       0x2c ..\obj\lcd_ste2007.o
                0x080048a4                lcd_contrast
 .text.lcd_refresh
                0x080048d0       0x84 ..\obj\lcd_ste2007.o
                0x080048d0                lcd_refresh
 .text.lcd_clear
                0x08004954       0x70 ..\obj\lcd_ste2007.o
                0x08004954                lcd_clear
 .text.lcd_xy   0x080049c4       0x2c ..\obj\lcd_ste2007.o
                0x080049c4                lcd_xy
 .text.lcd_crlf
                0x080049f0       0x28 ..\obj\lcd_ste2007.o
                0x080049f0                lcd_crlf
 .text.lcd_putc
                0x08004a18      0x11c ..\obj\lcd_ste2007.o
                0x08004a18                lcd_putc
 .text.lcd_put_uint
                0x08004b34      0x150 ..\obj\lcd_ste2007.o
                0x08004b34                lcd_put_uint
 .text.lcd_put_hex_byte
                0x08004c84       0x6c ..\obj\lcd_ste2007.o
                0x08004c84                lcd_put_hex_byte
 .text.lcd_put_hex_word
                0x08004cf0       0xd0 ..\obj\lcd_ste2007.o
                0x08004cf0                lcd_put_hex_word
 .text.lcd_put_hex_dword
                0x08004dc0       0x2c ..\obj\lcd_ste2007.o
                0x08004dc0                lcd_put_hex_dword
 .text.lcd_puts
                0x08004dec       0x3c ..\obj\lcd_ste2007.o
                0x08004dec                lcd_puts
 .text.USB_Istr
                0x08004e28      0x268 ..\obj\usb_istr.o
                0x08004e28                USB_Istr
 *(.glue_7t)
 .glue_7t       0x00000000        0x0 linker stubs
 *(.glue_7)
 .glue_7        0x00000000        0x0 linker stubs
 *(.rodata .rodata* .gnu.linkonce.r.*)
 .rodata        0x08005090       0xb8 ..\obj\usb_desc.o
                0x08005090                Virtual_Com_Port_DeviceDescriptor
                0x080050a4                Virtual_Com_Port_ConfigDescriptor
                0x080050e8                Virtual_Com_Port_StringLangID
                0x080050ec                Virtual_Com_Port_StringVendor
                0x08005114                Virtual_Com_Port_StringProduct
 .rodata        0x08005148        0x8 ..\obj\main.o

.vfp11_veneer   0x08005150        0x0
 .vfp11_veneer  0x00000000        0x0 linker stubs

.v4_bx          0x08005150        0x0
 .v4_bx         0x00000000        0x0 linker stubs

.ARM.extab
 *(.ARM.extab* .gnu.linkonce.armextab.*)

.ARM.exidx
 *(.ARM.exidx* .gnu.linkonce.armexidx.*)
                0x08005150                . = ALIGN (0x4)
                0x08005150                _etext = .
                0x08005150                _sidata = .

.data           0x20000000      0x6f8 load address 0x08005150
                0x20000000                _sdata = .
 *(.data .data.*)
 .data          0x20000000       0x1c ..\obj\usb_desc.o
                0x20000000                Virtual_Com_Port_StringSerial
 .data          0x2000001c       0x90 ..\obj\usb_prop.o
                0x2000001c                linecoding
                0x20000024                Device_Table
                0x20000028                Device_Property
                0x20000058                User_Standard_Requests
                0x2000007c                Device_Descriptor
                0x20000084                Config_Descriptor
                0x2000008c                String_Descriptor
 .data          0x200000ac      0x600 ..\obj\font.o
                0x200000ac                font_8x6
 .data          0x200006ac       0x14 ..\obj\stm32f10x_rcc.o
 .data          0x200006c0       0x38 ..\obj\usb_istr.o
                0x200006c0                pEpInt_IN
                0x200006dc                pEpInt_OUT
                0x200006f8                . = ALIGN (0x4)
                0x200006f8                _edata = .

.bss            0x200006f8     0x1c90 load address 0x08005848
                0x200006f8                _sbss = .
 *(.bss .bss.*)
 .bss           0x200006f8        0x1 ..\obj\usb_core.o
                0x200006f8                Data_Mul_MaxPacketSize
 *fill*         0x200006f9        0x3 00
 .bss           0x200006fc       0x10 ..\obj\hw_config.o
                0x200006fc                USART_Rx_ptr_in
                0x20000700                USART_Rx_ptr_out
                0x20000704                USART_Rx_length
                0x20000708                USB_Tx_State
 .bss           0x2000070c        0x1 ..\obj\usb_prop.o
                0x2000070c                Request
 *fill*         0x2000070d        0x3 00
 .bss           0x20000710        0xc ..\obj\usb_pwr.o
                0x20000710                bDeviceState
                0x20000714                fSuspendEnabled
                0x20000718                remotewakeupon
 .bss           0x2000071c       0x28 ..\obj\main.o
                0x2000071c                LSE_Delay
                0x20000720                count
                0x20000724                BlinkSpeed
                0x20000728                KeyState
                0x2000072c                cur_ptr
                0x20000730                bf_ptr
                0x20000734                tst_cnt
                0x20000735                try_to_send
                0x20000736                ADC_conv_ready
                0x20000738                ADC_ptr_in
                0x2000073a                ADC_ptr_out
                0x2000073c                ADC_Tx_size
                0x2000073e                ref_screen
                0x2000073f                was_SPI_data
                0x20000740                tout_cnt
                0x20000742                spi_cnt
 .bss           0x20000744        0x8 ..\obj\usb_endp.o
                0x20000744                USB_Data_To_Rx
                0x20000745                try_to_send_in
 .bss           0x2000074c        0xc ..\obj\usb_istr.o
                0x2000074c                bIntPackSOF
                0x20000750                esof_counter
                0x20000754                wCNTR
 *(COMMON)
 COMMON         0x20000758        0x2 ..\obj\usb_core.o
                0x20000758                StatusInfo
 *fill*         0x2000075a        0x2 00
 COMMON         0x2000075c        0x4 ..\obj\delay.o
                0x2000075c                TimingDelay
 COMMON         0x20000760        0x4 ..\obj\usb_int.o
                0x20000760                SaveRState
                0x20000762                SaveTState
 COMMON         0x20000764     0x101c ..\obj\hw_config.o
                0x20000764                HSEStartUpStatus
                0x20000768                USART_Rx_Buffer
                0x20001768                USART_InitStructure
                0x20001778                EXTI_InitStructure
 COMMON         0x20001780       0x24 ..\obj\usb_pwr.o
                0x20001780                ResumeS
                0x20001784                EP
 COMMON         0x200017a4       0x32 ..\obj\usb_init.o
                0x200017a4                SaveState
                0x200017a8                pProperty
                0x200017ac                EPindex
                0x200017b0                Device_Info
                0x200017cc                pUser_Standard_Requests
                0x200017d0                pInformation
                0x200017d4                wInterrupt_Mask
 *fill*         0x200017d6        0x2 00
 COMMON         0x200017d8      0x806 ..\obj\main.o
                0x200017d8                ADC_res
                0x20001fd8                SPI_data_bad
                0x20001fda                ADC_res_cur
                0x20001fdc                SPI_data
 *fill*         0x20001fde        0x2 00
 COMMON         0x20001fe0       0x40 ..\obj\usb_endp.o
                0x20001fe0                USB_Rx_Buffer
 COMMON         0x20002020      0x365 ..\obj\lcd_ste2007.o
                0x20002020                SelText
                0x20002021                Ypos
                0x20002024                LCDmem
                0x20002384                Xpos
 *fill*         0x20002385        0x1 00
 COMMON         0x20002386        0x2 ..\obj\usb_istr.o
                0x20002386                wIstr
                0x20002388                . = ALIGN (0x4)
                0x20002388                _ebss = .

.co_stack       0x20002388      0x400 load address 0x080074d8
                0x20002388                . = ALIGN (0x8)
 *(.co_stack .co_stack.*)
 .co_stack      0x20002388      0x400 ..\obj\startup_stm32f10x_md.o
                0x20002388                pulStack
                0x20002788                . = ALIGN (0x4)
                0x20002788                _end = .
LOAD ..\obj\usb_core.o
LOAD ..\obj\delay.o
LOAD ..\obj\stm32f10x_tim.o
LOAD ..\obj\core_cm3.o
LOAD ..\obj\usb_int.o
LOAD ..\obj\system_stm32f10x.o
LOAD ..\obj\usb_desc.o
LOAD ..\obj\usb_regs.o
LOAD ..\obj\startup_stm32f10x_md.o
LOAD ..\obj\hw_config.o
LOAD ..\obj\stm32f10x_gpio.o
LOAD ..\obj\usb_prop.o
LOAD ..\obj\usb_pwr.o
LOAD ..\obj\usb_init.o
LOAD ..\obj\main.o
LOAD ..\obj\font.o
LOAD ..\obj\test_f100_plate.o
LOAD ..\obj\stm32f10x_rcc.o
LOAD ..\obj\stm32f10x_exti.o
LOAD ..\obj\stm32f10x_adc.o
LOAD ..\obj\stm32f10x_usart.o
LOAD ..\obj\usb_sil.o
LOAD ..\obj\stm32_it.o
LOAD ..\obj\usb_endp.o
LOAD ..\obj\stm32f10x_dma.o
LOAD ..\obj\stm3210b_eval.o
LOAD ..\obj\misc.o
LOAD ..\obj\stm32f10x_spi.o
LOAD ..\obj\usb_mem.o
LOAD ..\obj\lcd_ste2007.o
LOAD ..\obj\usb_istr.o
START GROUP
LOAD c:/coocox/arm-2011.03-coocox/bin/../lib/gcc/arm-none-eabi/4.5.2/thumb2\libgcc.a
LOAD c:/coocox/arm-2011.03-coocox/bin/../lib/gcc/arm-none-eabi/4.5.2/../../../../arm-none-eabi/lib/thumb2\libc.a
END GROUP
OUTPUT(tstUSB.elf elf32-littlearm)

.debug_abbrev   0x00000000     0x27e4
 .debug_abbrev  0x00000000      0x25a ..\obj\usb_core.o
 .debug_abbrev  0x0000025a       0xf7 ..\obj\delay.o
 .debug_abbrev  0x00000351      0x172 ..\obj\stm32f10x_tim.o
 .debug_abbrev  0x000004c3       0xd5 ..\obj\core_cm3.o
 .debug_abbrev  0x00000598       0xcd ..\obj\usb_int.o
 .debug_abbrev  0x00000665      0x17e ..\obj\system_stm32f10x.o
 .debug_abbrev  0x000007e3       0x77 ..\obj\usb_desc.o
 .debug_abbrev  0x0000085a      0x146 ..\obj\usb_regs.o
 .debug_abbrev  0x000009a0       0xa3 ..\obj\startup_stm32f10x_md.o
 .debug_abbrev  0x00000a43      0x246 ..\obj\hw_config.o
 .debug_abbrev  0x00000c89      0x1a4 ..\obj\stm32f10x_gpio.o
 .debug_abbrev  0x00000e2d      0x1a0 ..\obj\usb_prop.o
 .debug_abbrev  0x00000fcd      0x1b7 ..\obj\usb_pwr.o
 .debug_abbrev  0x00001184      0x11d ..\obj\usb_init.o
 .debug_abbrev  0x000012a1      0x1d7 ..\obj\main.o
 .debug_abbrev  0x00001478       0x52 ..\obj\font.o
 .debug_abbrev  0x000014ca      0x1d5 ..\obj\test_f100_plate.o
 .debug_abbrev  0x0000169f      0x191 ..\obj\stm32f10x_rcc.o
 .debug_abbrev  0x00001830      0x14a ..\obj\stm32f10x_exti.o
 .debug_abbrev  0x0000197a      0x174 ..\obj\stm32f10x_adc.o
 .debug_abbrev  0x00001aee      0x15b ..\obj\stm32f10x_usart.o
 .debug_abbrev  0x00001c49       0xb7 ..\obj\usb_sil.o
 .debug_abbrev  0x00001d00      0x13d ..\obj\stm32_it.o
 .debug_abbrev  0x00001e3d       0xd3 ..\obj\usb_endp.o
 .debug_abbrev  0x00001f10      0x14e ..\obj\stm32f10x_dma.o
 .debug_abbrev  0x0000205e      0x14e ..\obj\stm3210b_eval.o
 .debug_abbrev  0x000021ac      0x135 ..\obj\misc.o
 .debug_abbrev  0x000022e1      0x15d ..\obj\stm32f10x_spi.o
 .debug_abbrev  0x0000243e       0x9c ..\obj\usb_mem.o
 .debug_abbrev  0x000024da      0x1f5 ..\obj\lcd_ste2007.o
 .debug_abbrev  0x000026cf      0x115 ..\obj\usb_istr.o

.debug_info     0x00000000     0xe3af
 .debug_info    0x00000000      0xc5d ..\obj\usb_core.o
 .debug_info    0x00000c5d      0x45d ..\obj\delay.o
 .debug_info    0x000010ba     0x1e18 ..\obj\stm32f10x_tim.o
 .debug_info    0x00002ed2      0x548 ..\obj\core_cm3.o
 .debug_info    0x0000341a      0x22b ..\obj\usb_int.o
 .debug_info    0x00003645      0x4a0 ..\obj\system_stm32f10x.o
 .debug_info    0x00003ae5      0x179 ..\obj\usb_desc.o
 .debug_info    0x00003c5e      0xd69 ..\obj\usb_regs.o
 .debug_info    0x000049c7      0x143 ..\obj\startup_stm32f10x_md.o
 .debug_info    0x00004b0a      0xaac ..\obj\hw_config.o
 .debug_info    0x000055b6      0x723 ..\obj\stm32f10x_gpio.o
 .debug_info    0x00005cd9      0x989 ..\obj\usb_prop.o
 .debug_info    0x00006662      0x539 ..\obj\usb_pwr.o
 .debug_info    0x00006b9b      0x4de ..\obj\usb_init.o
 .debug_info    0x00007079     0x116d ..\obj\main.o
 .debug_info    0x000081e6      0x112 ..\obj\font.o
 .debug_info    0x000082f8      0x8fe ..\obj\test_f100_plate.o
 .debug_info    0x00008bf6      0x901 ..\obj\stm32f10x_rcc.o
 .debug_info    0x000094f7      0x361 ..\obj\stm32f10x_exti.o
 .debug_info    0x00009858      0xc0e ..\obj\stm32f10x_adc.o
 .debug_info    0x0000a466      0xa6c ..\obj\stm32f10x_usart.o
 .debug_info    0x0000aed2      0x177 ..\obj\usb_sil.o
 .debug_info    0x0000b049      0x84c ..\obj\stm32_it.o
 .debug_info    0x0000b895      0x27a ..\obj\usb_endp.o
 .debug_info    0x0000bb0f      0x4a2 ..\obj\stm32f10x_dma.o
 .debug_info    0x0000bfb1      0x519 ..\obj\stm3210b_eval.o
 .debug_info    0x0000c4ca      0x546 ..\obj\misc.o
 .debug_info    0x0000ca10      0x971 ..\obj\stm32f10x_spi.o
 .debug_info    0x0000d381      0x1b0 ..\obj\usb_mem.o
 .debug_info    0x0000d531      0xa86 ..\obj\lcd_ste2007.o
 .debug_info    0x0000dfb7      0x3f8 ..\obj\usb_istr.o

.debug_line     0x00000000     0x6125
 .debug_line    0x00000000      0x4e2 ..\obj\usb_core.o
 .debug_line    0x000004e2      0x19d ..\obj\delay.o
 .debug_line    0x0000067f      0xa43 ..\obj\stm32f10x_tim.o
 .debug_line    0x000010c2      0x279 ..\obj\core_cm3.o
 .debug_line    0x0000133b      0x286 ..\obj\usb_int.o
 .debug_line    0x000015c1      0x216 ..\obj\system_stm32f10x.o
 .debug_line    0x000017d7      0x116 ..\obj\usb_desc.o
 .debug_line    0x000018ed      0x711 ..\obj\usb_regs.o
 .debug_line    0x00001ffe       0xa7 ..\obj\startup_stm32f10x_md.o
 .debug_line    0x000020a5      0x43e ..\obj\hw_config.o
 .debug_line    0x000024e3      0x363 ..\obj\stm32f10x_gpio.o
 .debug_line    0x00002846      0x32a ..\obj\usb_prop.o
 .debug_line    0x00002b70      0x30c ..\obj\usb_pwr.o
 .debug_line    0x00002e7c      0x19b ..\obj\usb_init.o
 .debug_line    0x00003017      0x3a0 ..\obj\main.o
 .debug_line    0x000033b7       0x51 ..\obj\font.o
 .debug_line    0x00003408      0x32a ..\obj\test_f100_plate.o
 .debug_line    0x00003732      0x479 ..\obj\stm32f10x_rcc.o
 .debug_line    0x00003bab      0x259 ..\obj\stm32f10x_exti.o
 .debug_line    0x00003e04      0x4d8 ..\obj\stm32f10x_adc.o
 .debug_line    0x000042dc      0x44f ..\obj\stm32f10x_usart.o
 .debug_line    0x0000472b      0x1b3 ..\obj\usb_sil.o
 .debug_line    0x000048de      0x303 ..\obj\stm32_it.o
 .debug_line    0x00004be1      0x201 ..\obj\usb_endp.o
 .debug_line    0x00004de2      0x2b8 ..\obj\stm32f10x_dma.o
 .debug_line    0x0000509a      0x207 ..\obj\stm3210b_eval.o
 .debug_line    0x000052a1      0x1f9 ..\obj\misc.o
 .debug_line    0x0000549a      0x3d7 ..\obj\stm32f10x_spi.o
 .debug_line    0x00005871      0x18a ..\obj\usb_mem.o
 .debug_line    0x000059fb      0x4d9 ..\obj\lcd_ste2007.o
 .debug_line    0x00005ed4      0x251 ..\obj\usb_istr.o

.debug_loc      0x00000000     0x620a
 .debug_loc     0x00000000      0x3f8 ..\obj\usb_core.o
 .debug_loc     0x000003f8       0xc8 ..\obj\delay.o
 .debug_loc     0x000004c0     0x13e8 ..\obj\stm32f10x_tim.o
 .debug_loc     0x000018a8      0x3f0 ..\obj\core_cm3.o
 .debug_loc     0x00001c98       0x70 ..\obj\usb_int.o
 .debug_loc     0x00001d08       0xc8 ..\obj\system_stm32f10x.o
 .debug_loc     0x00001dd0      0xcac ..\obj\usb_regs.o
 .debug_loc     0x00002a7c       0x64 ..\obj\startup_stm32f10x_md.o
 .debug_loc     0x00002ae0      0x2d4 ..\obj\hw_config.o
 .debug_loc     0x00002db4      0x3e4 ..\obj\stm32f10x_gpio.o
 .debug_loc     0x00003198      0x2d4 ..\obj\usb_prop.o
 .debug_loc     0x0000346c      0x138 ..\obj\usb_pwr.o
 .debug_loc     0x000035a4       0x2c ..\obj\usb_init.o
 .debug_loc     0x000035d0       0xe2 ..\obj\main.o
 .debug_loc     0x000036b2      0x284 ..\obj\test_f100_plate.o
 .debug_loc     0x00003936      0x6dc ..\obj\stm32f10x_rcc.o
 .debug_loc     0x00004012      0x1b4 ..\obj\stm32f10x_exti.o
 .debug_loc     0x000041c6      0x7d4 ..\obj\stm32f10x_adc.o
 .debug_loc     0x0000499a      0x658 ..\obj\stm32f10x_usart.o
 .debug_loc     0x00004ff2       0x9c ..\obj\usb_sil.o
 .debug_loc     0x0000508e      0x2cc ..\obj\stm32_it.o
 .debug_loc     0x0000535a       0x9c ..\obj\usb_endp.o
 .debug_loc     0x000053f6      0x268 ..\obj\stm32f10x_dma.o
 .debug_loc     0x0000565e       0x38 ..\obj\stm3210b_eval.o
 .debug_loc     0x00005696      0x118 ..\obj\misc.o
 .debug_loc     0x000057ae      0x508 ..\obj\stm32f10x_spi.o
 .debug_loc     0x00005cb6       0x70 ..\obj\usb_mem.o
 .debug_loc     0x00005d26      0x4ac ..\obj\lcd_ste2007.o
 .debug_loc     0x000061d2       0x38 ..\obj\usb_istr.o

.debug_pubnames
                0x00000000     0x2e0f
 .debug_pubnames
                0x00000000      0x1a5 ..\obj\usb_core.o
 .debug_pubnames
                0x000001a5       0x6a ..\obj\delay.o
 .debug_pubnames
                0x0000020f      0x7b0 ..\obj\stm32f10x_tim.o
 .debug_pubnames
                0x000009bf      0x159 ..\obj\core_cm3.o
 .debug_pubnames
                0x00000b18       0x46 ..\obj\usb_int.o
 .debug_pubnames
                0x00000b5e       0x61 ..\obj\system_stm32f10x.o
 .debug_pubnames
                0x00000bbf       0xe7 ..\obj\usb_desc.o
 .debug_pubnames
                0x00000ca6      0x419 ..\obj\usb_regs.o
 .debug_pubnames
                0x000010bf       0x4a ..\obj\startup_stm32f10x_md.o
 .debug_pubnames
                0x00001109      0x1d9 ..\obj\hw_config.o
 .debug_pubnames
                0x000012e2      0x19d ..\obj\stm32f10x_gpio.o
 .debug_pubnames
                0x0000147f      0x29d ..\obj\usb_prop.o
 .debug_pubnames
                0x0000171c       0x9d ..\obj\usb_pwr.o
 .debug_pubnames
                0x000017b9       0x98 ..\obj\usb_init.o
 .debug_pubnames
                0x00001851      0x137 ..\obj\main.o
 .debug_pubnames
                0x00001988       0x41 ..\obj\font.o
 .debug_pubnames
                0x000019c9      0x196 ..\obj\test_f100_plate.o
 .debug_pubnames
                0x00001b5f      0x2c4 ..\obj\stm32f10x_rcc.o
 .debug_pubnames
                0x00001e23       0xbb ..\obj\stm32f10x_exti.o
 .debug_pubnames
                0x00001ede      0x401 ..\obj\stm32f10x_adc.o
 .debug_pubnames
                0x000022df      0x294 ..\obj\stm32f10x_usart.o
 .debug_pubnames
                0x00002573       0x46 ..\obj\usb_sil.o
 .debug_pubnames
                0x000025b9      0x16b ..\obj\stm32_it.o
 .debug_pubnames
                0x00002724       0x84 ..\obj\usb_endp.o
 .debug_pubnames
                0x000027a8       0xea ..\obj\stm32f10x_dma.o
 .debug_pubnames
                0x00002892       0xad ..\obj\stm3210b_eval.o
 .debug_pubnames
                0x0000293f       0x89 ..\obj\misc.o
 .debug_pubnames
                0x000029c8      0x1f6 ..\obj\stm32f10x_spi.o
 .debug_pubnames
                0x00002bbe       0x42 ..\obj\usb_mem.o
 .debug_pubnames
                0x00002c00      0x19e ..\obj\lcd_ste2007.o
 .debug_pubnames
                0x00002d9e       0x71 ..\obj\usb_istr.o

.debug_pubtypes
                0x00000000     0x1456
 .debug_pubtypes
                0x00000000      0x1b7 ..\obj\usb_core.o
 .debug_pubtypes
                0x000001b7       0x4c ..\obj\delay.o
 .debug_pubtypes
                0x00000203       0xd8 ..\obj\stm32f10x_tim.o
 .debug_pubtypes
                0x000002db       0x50 ..\obj\core_cm3.o
 .debug_pubtypes
                0x0000032b       0x38 ..\obj\usb_int.o
 .debug_pubtypes
                0x00000363       0x67 ..\obj\system_stm32f10x.o
 .debug_pubtypes
                0x000003ca       0x1e ..\obj\usb_desc.o
 .debug_pubtypes
                0x000003e8       0x59 ..\obj\usb_regs.o
 .debug_pubtypes
                0x00000441      0x1b0 ..\obj\hw_config.o
 .debug_pubtypes
                0x000005f1       0xc3 ..\obj\stm32f10x_gpio.o
 .debug_pubtypes
                0x000006b4      0x17b ..\obj\usb_prop.o
 .debug_pubtypes
                0x0000082f       0xaa ..\obj\usb_pwr.o
 .debug_pubtypes
                0x000008d9       0xfc ..\obj\usb_init.o
 .debug_pubtypes
                0x000009d5      0x17b ..\obj\main.o
 .debug_pubtypes
                0x00000b50       0x12 ..\obj\font.o
 .debug_pubtypes
                0x00000b62      0x148 ..\obj\test_f100_plate.o
 .debug_pubtypes
                0x00000caa       0x9e ..\obj\stm32f10x_rcc.o
 .debug_pubtypes
                0x00000d48       0xa2 ..\obj\stm32f10x_exti.o
 .debug_pubtypes
                0x00000dea       0x8c ..\obj\stm32f10x_adc.o
 .debug_pubtypes
                0x00000e76       0xc9 ..\obj\stm32f10x_usart.o
 .debug_pubtypes
                0x00000f3f       0x38 ..\obj\usb_sil.o
 .debug_pubtypes
                0x00000f77       0x68 ..\obj\stm32_it.o
 .debug_pubtypes
                0x00000fdf       0x53 ..\obj\usb_endp.o
 .debug_pubtypes
                0x00001032       0x98 ..\obj\stm32f10x_dma.o
 .debug_pubtypes
                0x000010ca       0xb5 ..\obj\stm3210b_eval.o
 .debug_pubtypes
                0x0000117f       0x80 ..\obj\misc.o
 .debug_pubtypes
                0x000011ff       0xb6 ..\obj\stm32f10x_spi.o
 .debug_pubtypes
                0x000012b5       0x38 ..\obj\usb_mem.o
 .debug_pubtypes
                0x000012ed       0xcc ..\obj\lcd_ste2007.o
 .debug_pubtypes
                0x000013b9       0x9d ..\obj\usb_istr.o

.debug_aranges  0x00000000     0x1140
 .debug_aranges
                0x00000000       0xb0 ..\obj\usb_core.o
 .debug_aranges
                0x000000b0       0x38 ..\obj\delay.o
 .debug_aranges
                0x000000e8      0x2f0 ..\obj\stm32f10x_tim.o
 .debug_aranges
                0x000003d8       0xc8 ..\obj\core_cm3.o
 .debug_aranges
                0x000004a0       0x28 ..\obj\usb_int.o
 .debug_aranges
                0x000004c8       0x38 ..\obj\system_stm32f10x.o
 .debug_aranges
                0x00000500      0x1f0 ..\obj\usb_regs.o
 .debug_aranges
                0x000006f0       0x28 ..\obj\startup_stm32f10x_md.o
 .debug_aranges
                0x00000718       0x88 ..\obj\hw_config.o
 .debug_aranges
                0x000007a0       0xa8 ..\obj\stm32f10x_gpio.o
 .debug_aranges
                0x00000848       0x88 ..\obj\usb_prop.o
 .debug_aranges
                0x000008d0       0x48 ..\obj\usb_pwr.o
 .debug_aranges
                0x00000918       0x20 ..\obj\usb_init.o
 .debug_aranges
                0x00000938       0x38 ..\obj\main.o
 .debug_aranges
                0x00000970       0x80 ..\obj\test_f100_plate.o
 .debug_aranges
                0x000009f0      0x118 ..\obj\stm32f10x_rcc.o
 .debug_aranges
                0x00000b08       0x58 ..\obj\stm32f10x_exti.o
 .debug_aranges
                0x00000b60      0x138 ..\obj\stm32f10x_adc.o
 .debug_aranges
                0x00000c98      0x100 ..\obj\stm32f10x_usart.o
 .debug_aranges
                0x00000d98       0x30 ..\obj\usb_sil.o
 .debug_aranges
                0x00000dc8       0x98 ..\obj\stm32_it.o
 .debug_aranges
                0x00000e60       0x30 ..\obj\usb_endp.o
 .debug_aranges
                0x00000e90       0x70 ..\obj\stm32f10x_dma.o
 .debug_aranges
                0x00000f00       0x20 ..\obj\stm3210b_eval.o
 .debug_aranges
                0x00000f20       0x40 ..\obj\misc.o
 .debug_aranges
                0x00000f60       0xd0 ..\obj\stm32f10x_spi.o
 .debug_aranges
                0x00001030       0x28 ..\obj\usb_mem.o
 .debug_aranges
                0x00001058       0xc8 ..\obj\lcd_ste2007.o
 .debug_aranges
                0x00001120       0x20 ..\obj\usb_istr.o

.debug_ranges   0x00000000      0xf70
 .debug_ranges  0x00000000       0xa0 ..\obj\usb_core.o
 .debug_ranges  0x000000a0       0x28 ..\obj\delay.o
 .debug_ranges  0x000000c8      0x2e0 ..\obj\stm32f10x_tim.o
 .debug_ranges  0x000003a8       0xb8 ..\obj\core_cm3.o
 .debug_ranges  0x00000460       0x18 ..\obj\usb_int.o
 .debug_ranges  0x00000478       0x28 ..\obj\system_stm32f10x.o
 .debug_ranges  0x000004a0      0x1e0 ..\obj\usb_regs.o
 .debug_ranges  0x00000680       0x18 ..\obj\startup_stm32f10x_md.o
 .debug_ranges  0x00000698       0x78 ..\obj\hw_config.o
 .debug_ranges  0x00000710       0x98 ..\obj\stm32f10x_gpio.o
 .debug_ranges  0x000007a8       0x78 ..\obj\usb_prop.o
 .debug_ranges  0x00000820       0x38 ..\obj\usb_pwr.o
 .debug_ranges  0x00000858       0x10 ..\obj\usb_init.o
 .debug_ranges  0x00000868       0x28 ..\obj\main.o
 .debug_ranges  0x00000890       0x70 ..\obj\test_f100_plate.o
 .debug_ranges  0x00000900      0x108 ..\obj\stm32f10x_rcc.o
 .debug_ranges  0x00000a08       0x48 ..\obj\stm32f10x_exti.o
 .debug_ranges  0x00000a50      0x128 ..\obj\stm32f10x_adc.o
 .debug_ranges  0x00000b78       0xf0 ..\obj\stm32f10x_usart.o
 .debug_ranges  0x00000c68       0x20 ..\obj\usb_sil.o
 .debug_ranges  0x00000c88       0x88 ..\obj\stm32_it.o
 .debug_ranges  0x00000d10       0x20 ..\obj\usb_endp.o
 .debug_ranges  0x00000d30       0x60 ..\obj\stm32f10x_dma.o
 .debug_ranges  0x00000d90       0x10 ..\obj\stm3210b_eval.o
 .debug_ranges  0x00000da0       0x30 ..\obj\misc.o
 .debug_ranges  0x00000dd0       0xc0 ..\obj\stm32f10x_spi.o
 .debug_ranges  0x00000e90       0x18 ..\obj\usb_mem.o
 .debug_ranges  0x00000ea8       0xb8 ..\obj\lcd_ste2007.o
 .debug_ranges  0x00000f60       0x10 ..\obj\usb_istr.o

.debug_str      0x00000000     0x4b98
 .debug_str     0x00000000      0x860 ..\obj\usb_core.o
                                0x9ce (size before relaxing)
 .debug_str     0x00000860      0x1bf ..\obj\delay.o
                                0x287 (size before relaxing)
 .debug_str     0x00000a1f      0xb04 ..\obj\stm32f10x_tim.o
                                0xd3f (size before relaxing)
 .debug_str     0x00001523      0x16e ..\obj\core_cm3.o
                                0x22e (size before relaxing)
 .debug_str     0x00001691       0x8b ..\obj\usb_int.o
                                0x161 (size before relaxing)
 .debug_str     0x0000171c      0x132 ..\obj\system_stm32f10x.o
                                0x241 (size before relaxing)
 .debug_str     0x0000184e      0x107 ..\obj\usb_desc.o
                                0x1ac (size before relaxing)
 .debug_str     0x00001955      0x417 ..\obj\usb_regs.o
                                0x4ea (size before relaxing)
 .debug_str     0x00001d6c       0xb5 ..\obj\startup_stm32f10x_md.o
                                 0xe0 (size before relaxing)
 .debug_str     0x00001e21      0x893 ..\obj\hw_config.o
                                0xad8 (size before relaxing)
 .debug_str     0x000026b4      0x266 ..\obj\stm32f10x_gpio.o
                                0x47b (size before relaxing)
 .debug_str     0x0000291a      0x23e ..\obj\usb_prop.o
                                0x8b6 (size before relaxing)
 .debug_str     0x00002b58      0x15b ..\obj\usb_pwr.o
                                0x33a (size before relaxing)
 .debug_str     0x00002cb3       0x67 ..\obj\usb_init.o
                                0x4ad (size before relaxing)
 .debug_str     0x00002d1a      0x37b ..\obj\main.o
                                0xacf (size before relaxing)
 .debug_str     0x00003095       0x42 ..\obj\font.o
                                 0xe5 (size before relaxing)
 .debug_str     0x000030d7      0x1d7 ..\obj\test_f100_plate.o
                                0x878 (size before relaxing)
 .debug_str     0x000032ae      0x3d3 ..\obj\stm32f10x_rcc.o
                                0x57c (size before relaxing)
 .debug_str     0x00003681      0x10a ..\obj\stm32f10x_exti.o
                                0x2c0 (size before relaxing)
 .debug_str     0x0000378b      0x464 ..\obj\stm32f10x_adc.o
                                0x65d (size before relaxing)
 .debug_str     0x00003bef      0x3ba ..\obj\stm32f10x_usart.o
                                0x5f2 (size before relaxing)
 .debug_str     0x00003fa9       0xa9 ..\obj\usb_sil.o
                                0x170 (size before relaxing)
 .debug_str     0x00004052      0x163 ..\obj\stm32_it.o
                                0x426 (size before relaxing)
 .debug_str     0x000041b5       0x9d ..\obj\usb_endp.o
                                0x22f (size before relaxing)
 .debug_str     0x00004252      0x221 ..\obj\stm32f10x_dma.o
                                0x323 (size before relaxing)
 .debug_str     0x00004473       0xc7 ..\obj\stm3210b_eval.o
                                0x392 (size before relaxing)
 .debug_str     0x0000453a       0xfc ..\obj\misc.o
                                0x325 (size before relaxing)
 .debug_str     0x00004636      0x2bd ..\obj\stm32f10x_spi.o
                                0x55f (size before relaxing)
 .debug_str     0x000048f3       0xab ..\obj\usb_mem.o
                                0x162 (size before relaxing)
 .debug_str     0x0000499e      0x18e ..\obj\lcd_ste2007.o
                                0x4f1 (size before relaxing)
 .debug_str     0x00004b2c       0x6c ..\obj\usb_istr.o
                                0x370 (size before relaxing)

.comment        0x00000000       0x11
 .comment       0x00000000       0x11 ..\obj\usb_core.o
                                 0x12 (size before relaxing)
 .comment       0x00000000       0x12 ..\obj\delay.o
 .comment       0x00000000       0x12 ..\obj\stm32f10x_tim.o
 .comment       0x00000000       0x12 ..\obj\core_cm3.o
 .comment       0x00000000       0x12 ..\obj\usb_int.o
 .comment       0x00000000       0x12 ..\obj\system_stm32f10x.o
 .comment       0x00000000       0x12 ..\obj\usb_desc.o
 .comment       0x00000000       0x12 ..\obj\usb_regs.o
 .comment       0x00000000       0x12 ..\obj\startup_stm32f10x_md.o
 .comment       0x00000000       0x12 ..\obj\hw_config.o
 .comment       0x00000000       0x12 ..\obj\stm32f10x_gpio.o
 .comment       0x00000000       0x12 ..\obj\usb_prop.o
 .comment       0x00000000       0x12 ..\obj\usb_pwr.o
 .comment       0x00000000       0x12 ..\obj\usb_init.o
 .comment       0x00000000       0x12 ..\obj\main.o
 .comment       0x00000000       0x12 ..\obj\font.o
 .comment       0x00000000       0x12 ..\obj\test_f100_plate.o
 .comment       0x00000000       0x12 ..\obj\stm32f10x_rcc.o
 .comment       0x00000000       0x12 ..\obj\stm32f10x_exti.o
 .comment       0x00000000       0x12 ..\obj\stm32f10x_adc.o
 .comment       0x00000000       0x12 ..\obj\stm32f10x_usart.o
 .comment       0x00000000       0x12 ..\obj\usb_sil.o
 .comment       0x00000000       0x12 ..\obj\stm32_it.o
 .comment       0x00000000       0x12 ..\obj\usb_endp.o
 .comment       0x00000000       0x12 ..\obj\stm32f10x_dma.o
 .comment       0x00000000       0x12 ..\obj\stm3210b_eval.o
 .comment       0x00000000       0x12 ..\obj\misc.o
 .comment       0x00000000       0x12 ..\obj\stm32f10x_spi.o
 .comment       0x00000000       0x12 ..\obj\usb_mem.o
 .comment       0x00000000       0x12 ..\obj\lcd_ste2007.o
 .comment       0x00000000       0x12 ..\obj\usb_istr.o

.ARM.attributes
                0x00000000       0x31
 .ARM.attributes
                0x00000000       0x31 ..\obj\usb_core.o
 .ARM.attributes
                0x00000031       0x31 ..\obj\delay.o
 .ARM.attributes
                0x00000062       0x31 ..\obj\stm32f10x_tim.o
 .ARM.attributes
                0x00000093       0x31 ..\obj\core_cm3.o
 .ARM.attributes
                0x000000c4       0x31 ..\obj\usb_int.o
 .ARM.attributes
                0x000000f5       0x31 ..\obj\system_stm32f10x.o
 .ARM.attributes
                0x00000126       0x31 ..\obj\usb_desc.o
 .ARM.attributes
                0x00000157       0x31 ..\obj\usb_regs.o
 .ARM.attributes
                0x00000188       0x31 ..\obj\startup_stm32f10x_md.o
 .ARM.attributes
                0x000001b9       0x31 ..\obj\hw_config.o
 .ARM.attributes
                0x000001ea       0x31 ..\obj\stm32f10x_gpio.o
 .ARM.attributes
                0x0000021b       0x31 ..\obj\usb_prop.o
 .ARM.attributes
                0x0000024c       0x31 ..\obj\usb_pwr.o
 .ARM.attributes
                0x0000027d       0x31 ..\obj\usb_init.o
 .ARM.attributes
                0x000002ae       0x31 ..\obj\main.o
 .ARM.attributes
                0x000002df       0x31 ..\obj\font.o
 .ARM.attributes
                0x00000310       0x31 ..\obj\test_f100_plate.o
 .ARM.attributes
                0x00000341       0x31 ..\obj\stm32f10x_rcc.o
 .ARM.attributes
                0x00000372       0x31 ..\obj\stm32f10x_exti.o
 .ARM.attributes
                0x000003a3       0x31 ..\obj\stm32f10x_adc.o
 .ARM.attributes
                0x000003d4       0x31 ..\obj\stm32f10x_usart.o
 .ARM.attributes
                0x00000405       0x31 ..\obj\usb_sil.o
 .ARM.attributes
                0x00000436       0x31 ..\obj\stm32_it.o
 .ARM.attributes
                0x00000467       0x31 ..\obj\usb_endp.o
 .ARM.attributes
                0x00000498       0x31 ..\obj\stm32f10x_dma.o
 .ARM.attributes
                0x000004c9       0x31 ..\obj\stm3210b_eval.o
 .ARM.attributes
                0x000004fa       0x31 ..\obj\misc.o
 .ARM.attributes
                0x0000052b       0x31 ..\obj\stm32f10x_spi.o
 .ARM.attributes
                0x0000055c       0x31 ..\obj\usb_mem.o
 .ARM.attributes
                0x0000058d       0x31 ..\obj\lcd_ste2007.o
 .ARM.attributes
                0x000005be       0x31 ..\obj\usb_istr.o
 .ARM.attributes
                0x000005ef       0x29 c:/coocox/arm-2011.03-coocox/bin/../lib/gcc/arm-none-eabi/4.5.2/../../../../arm-none-eabi/lib/thumb2\libc.a(lib_a-efgcvt.o)
 .ARM.attributes
                0x00000618       0x29 c:/coocox/arm-2011.03-coocox/bin/../lib/gcc/arm-none-eabi/4.5.2/../../../../arm-none-eabi/lib/thumb2\libc.a(lib_a-impure.o)
 .ARM.attributes
                0x00000641       0x29 c:/coocox/arm-2011.03-coocox/bin/../lib/gcc/arm-none-eabi/4.5.2/../../../../arm-none-eabi/lib/thumb2\libc.a(lib_a-ecvtbuf.o)
 .ARM.attributes
                0x0000066a       0x29 c:/coocox/arm-2011.03-coocox/bin/../lib/gcc/arm-none-eabi/4.5.2/../../../../arm-none-eabi/lib/thumb2\libc.a(lib_a-mprec.o)
 .ARM.attributes
                0x00000693       0x29 c:/coocox/arm-2011.03-coocox/bin/../lib/gcc/arm-none-eabi/4.5.2/../../../../arm-none-eabi/lib/thumb2\libc.a(lib_a-reallocr.o)
 .ARM.attributes
                0x000006bc       0x29 c:/coocox/arm-2011.03-coocox/bin/../lib/gcc/arm-none-eabi/4.5.2/../../../../arm-none-eabi/lib/thumb2\libc.a(lib_a-strcpy.o)
 .ARM.attributes
                0x000006e5       0x29 c:/coocox/arm-2011.03-coocox/bin/../lib/gcc/arm-none-eabi/4.5.2/../../../../arm-none-eabi/lib/thumb2\libc.a(lib_a-callocr.o)
 .ARM.attributes
                0x0000070e       0x29 c:/coocox/arm-2011.03-coocox/bin/../lib/gcc/arm-none-eabi/4.5.2/../../../../arm-none-eabi/lib/thumb2\libc.a(lib_a-dtoa.o)
 .ARM.attributes
                0x00000737       0x29 c:/coocox/arm-2011.03-coocox/bin/../lib/gcc/arm-none-eabi/4.5.2/../../../../arm-none-eabi/lib/thumb2\libc.a(lib_a-freer.o)
 .ARM.attributes
                0x00000760       0x29 c:/coocox/arm-2011.03-coocox/bin/../lib/gcc/arm-none-eabi/4.5.2/../../../../arm-none-eabi/lib/thumb2\libc.a(lib_a-malloc.o)
 .ARM.attributes
                0x00000789       0x29 c:/coocox/arm-2011.03-coocox/bin/../lib/gcc/arm-none-eabi/4.5.2/../../../../arm-none-eabi/lib/thumb2\libc.a(lib_a-mallocr.o)
 .ARM.attributes
                0x000007b2       0x29 c:/coocox/arm-2011.03-coocox/bin/../lib/gcc/arm-none-eabi/4.5.2/../../../../arm-none-eabi/lib/thumb2\libc.a(lib_a-memcpy.o)
 .ARM.attributes
                0x000007db       0x29 c:/coocox/arm-2011.03-coocox/bin/../lib/gcc/arm-none-eabi/4.5.2/../../../../arm-none-eabi/lib/thumb2\libc.a(lib_a-memmove.o)
 .ARM.attributes
                0x00000804       0x29 c:/coocox/arm-2011.03-coocox/bin/../lib/gcc/arm-none-eabi/4.5.2/../../../../arm-none-eabi/lib/thumb2\libc.a(lib_a-memset.o)
 .ARM.attributes
                0x0000082d       0x29 c:/coocox/arm-2011.03-coocox/bin/../lib/gcc/arm-none-eabi/4.5.2/../../../../arm-none-eabi/lib/thumb2\libc.a(lib_a-mlock.o)
 .ARM.attributes
                0x00000856       0x29 c:/coocox/arm-2011.03-coocox/bin/../lib/gcc/arm-none-eabi/4.5.2/../../../../arm-none-eabi/lib/thumb2\libc.a(lib_a-sbrkr.o)
 .ARM.attributes
                0x0000087f       0x29 c:/coocox/arm-2011.03-coocox/bin/../lib/gcc/arm-none-eabi/4.5.2/../../../../arm-none-eabi/lib/thumb2\libc.a(lib_a-reent.o)
 .ARM.attributes
                0x000008a8       0x1b c:/coocox/arm-2011.03-coocox/bin/../lib/gcc/arm-none-eabi/4.5.2/thumb2\libgcc.a(_udivsi3.o)
 .ARM.attributes
                0x000008c3       0x1b c:/coocox/arm-2011.03-coocox/bin/../lib/gcc/arm-none-eabi/4.5.2/thumb2\libgcc.a(_dvmd_tls.o)
 .ARM.attributes
                0x000008de       0x1b c:/coocox/arm-2011.03-coocox/bin/../lib/gcc/arm-none-eabi/4.5.2/thumb2\libgcc.a(_arm_addsubdf3.o)
 .ARM.attributes
                0x000008f9       0x1b c:/coocox/arm-2011.03-coocox/bin/../lib/gcc/arm-none-eabi/4.5.2/thumb2\libgcc.a(_arm_muldivdf3.o)
 .ARM.attributes
                0x00000914       0x1b c:/coocox/arm-2011.03-coocox/bin/../lib/gcc/arm-none-eabi/4.5.2/thumb2\libgcc.a(_arm_cmpdf2.o)
 .ARM.attributes
                0x0000092f       0x1b c:/coocox/arm-2011.03-coocox/bin/../lib/gcc/arm-none-eabi/4.5.2/thumb2\libgcc.a(_arm_fixdfsi.o)

.debug_frame    0x00000000     0x3c54
 .debug_frame   0x00000000      0x254 ..\obj\usb_core.o
 .debug_frame   0x00000254       0x78 ..\obj\delay.o
 .debug_frame   0x000002cc      0xa20 ..\obj\stm32f10x_tim.o
 .debug_frame   0x00000cec      0x280 ..\obj\core_cm3.o
 .debug_frame   0x00000f6c       0x50 ..\obj\usb_int.o
 .debug_frame   0x00000fbc       0x80 ..\obj\system_stm32f10x.o
 .debug_frame   0x0000103c      0x684 ..\obj\usb_regs.o
 .debug_frame   0x000016c0       0x48 ..\obj\startup_stm32f10x_md.o
 .debug_frame   0x00001708      0x1ac ..\obj\hw_config.o
 .debug_frame   0x000018b4      0x210 ..\obj\stm32f10x_gpio.o
 .debug_frame   0x00001ac4      0x19c ..\obj\usb_prop.o
 .debug_frame   0x00001c60       0xc4 ..\obj\usb_pwr.o
 .debug_frame   0x00001d24       0x2c ..\obj\usb_init.o
 .debug_frame   0x00001d50       0x88 ..\obj\main.o
 .debug_frame   0x00001dd8      0x180 ..\obj\test_f100_plate.o
 .debug_frame   0x00001f58      0x388 ..\obj\stm32f10x_rcc.o
 .debug_frame   0x000022e0       0xec ..\obj\stm32f10x_exti.o
 .debug_frame   0x000023cc      0x400 ..\obj\stm32f10x_adc.o
 .debug_frame   0x000027cc      0x344 ..\obj\stm32f10x_usart.o
 .debug_frame   0x00002b10       0x68 ..\obj\usb_sil.o
 .debug_frame   0x00002b78      0x1a0 ..\obj\stm32_it.o
 .debug_frame   0x00002d18       0x6c ..\obj\usb_endp.o
 .debug_frame   0x00002d84      0x144 ..\obj\stm32f10x_dma.o
 .debug_frame   0x00002ec8       0x30 ..\obj\stm3210b_eval.o
 .debug_frame   0x00002ef8       0x9c ..\obj\misc.o
 .debug_frame   0x00002f94      0x29c ..\obj\stm32f10x_spi.o
 .debug_frame   0x00003230       0x48 ..\obj\usb_mem.o
 .debug_frame   0x00003278      0x2b4 ..\obj\lcd_ste2007.o
 .debug_frame   0x0000352c       0x30 ..\obj\usb_istr.o
 .debug_frame   0x0000355c       0xc8 c:/coocox/arm-2011.03-coocox/bin/../lib/gcc/arm-none-eabi/4.5.2/../../../../arm-none-eabi/lib/thumb2\libc.a(lib_a-efgcvt.o)
 .debug_frame   0x00003624       0xd4 c:/coocox/arm-2011.03-coocox/bin/../lib/gcc/arm-none-eabi/4.5.2/../../../../arm-none-eabi/lib/thumb2\libc.a(lib_a-ecvtbuf.o)
 .debug_frame   0x000036f8      0x244 c:/coocox/arm-2011.03-coocox/bin/../lib/gcc/arm-none-eabi/4.5.2/../../../../arm-none-eabi/lib/thumb2\libc.a(lib_a-mprec.o)
 .debug_frame   0x0000393c       0x3c c:/coocox/arm-2011.03-coocox/bin/../lib/gcc/arm-none-eabi/4.5.2/../../../../arm-none-eabi/lib/thumb2\libc.a(lib_a-reallocr.o)
 .debug_frame   0x00003978       0x20 c:/coocox/arm-2011.03-coocox/bin/../lib/gcc/arm-none-eabi/4.5.2/../../../../arm-none-eabi/lib/thumb2\libc.a(lib_a-strcpy.o)
 .debug_frame   0x00003998       0x2c c:/coocox/arm-2011.03-coocox/bin/../lib/gcc/arm-none-eabi/4.5.2/../../../../arm-none-eabi/lib/thumb2\libc.a(lib_a-callocr.o)
 .debug_frame   0x000039c4       0x68 c:/coocox/arm-2011.03-coocox/bin/../lib/gcc/arm-none-eabi/4.5.2/../../../../arm-none-eabi/lib/thumb2\libc.a(lib_a-dtoa.o)
 .debug_frame   0x00003a2c       0x50 c:/coocox/arm-2011.03-coocox/bin/../lib/gcc/arm-none-eabi/4.5.2/../../../../arm-none-eabi/lib/thumb2\libc.a(lib_a-freer.o)
 .debug_frame   0x00003a7c       0x30 c:/coocox/arm-2011.03-coocox/bin/../lib/gcc/arm-none-eabi/4.5.2/../../../../arm-none-eabi/lib/thumb2\libc.a(lib_a-malloc.o)
 .debug_frame   0x00003aac       0x3c c:/coocox/arm-2011.03-coocox/bin/../lib/gcc/arm-none-eabi/4.5.2/../../../../arm-none-eabi/lib/thumb2\libc.a(lib_a-mallocr.o)
 .debug_frame   0x00003ae8       0x30 c:/coocox/arm-2011.03-coocox/bin/../lib/gcc/arm-none-eabi/4.5.2/../../../../arm-none-eabi/lib/thumb2\libc.a(lib_a-memcpy.o)
 .debug_frame   0x00003b18       0x2c c:/coocox/arm-2011.03-coocox/bin/../lib/gcc/arm-none-eabi/4.5.2/../../../../arm-none-eabi/lib/thumb2\libc.a(lib_a-memmove.o)
 .debug_frame   0x00003b44       0x2c c:/coocox/arm-2011.03-coocox/bin/../lib/gcc/arm-none-eabi/4.5.2/../../../../arm-none-eabi/lib/thumb2\libc.a(lib_a-memset.o)
 .debug_frame   0x00003b70       0x30 c:/coocox/arm-2011.03-coocox/bin/../lib/gcc/arm-none-eabi/4.5.2/../../../../arm-none-eabi/lib/thumb2\libc.a(lib_a-mlock.o)
 .debug_frame   0x00003ba0       0x2c c:/coocox/arm-2011.03-coocox/bin/../lib/gcc/arm-none-eabi/4.5.2/../../../../arm-none-eabi/lib/thumb2\libc.a(lib_a-sbrkr.o)
 .debug_frame   0x00003bcc       0x68 c:/coocox/arm-2011.03-coocox/bin/../lib/gcc/arm-none-eabi/4.5.2/../../../../arm-none-eabi/lib/thumb2\libc.a(lib_a-reent.o)
 .debug_frame   0x00003c34       0x20 c:/coocox/arm-2011.03-coocox/bin/../lib/gcc/arm-none-eabi/4.5.2/thumb2\libgcc.a(_udivsi3.o)
